прочитано 3474017, окон 26141, из них помеченных 3864
мир-финал (шторм+переезд+новые машины) 0 готов
прочитано 3483738, окон 25873, из них помеченных 3867
мир-финал (шторм+переезд+новые машины) 1 готов
прочитано 3496026, окон 25977, из них помеченных 3915
мир-финал (шторм+переезд+новые машины) 2 готов
прочитано 3498446, окон 25733, из них помеченных 3778
мир-финал (шторм+переезд+новые машины) 3 готов
прочитано 3493120, окон 25801, из них помеченных 3745
мир-финал (шторм+переезд+новые машины) 4 готов
прочитано 3474466, окон 25665, из них помеченных 3893
мир-финал (шторм+переезд+новые машины) 5 готов
NH-WORLDS-DONE
миров: 6
отложенный: 3600398 окон, помечено 64

  nh-0-windows.csv: AUC 0.90161
  nh-1-windows.csv: AUC 0.90035
  nh-2-windows.csv: AUC 0.91069
  nh-3-windows.csv: AUC 0.88051
  nh-4-windows.csv: AUC 0.92897
  nh-5-windows.csv: AUC 0.87767

разброс мнений: 0.00418
АНСАМБЛЬ (ранги)           AUC 0.90701  ложных до 16/64:       2  до 32:    2538  до всех:  2392457  худшее место  2392521

ложных до N-го найденного из 64:
   N:      1     2     4     8    16    24    32
            1     1     1     1     2    43  2538
