прочитано 3513108, окон 26193, из них помеченных 3915
разреженный мир 0 готов
прочитано 3515826, окон 25789, из них помеченных 3879
разреженный мир 1 готов
прочитано 3487694, окон 26058, из них помеченных 3924
разреженный мир 2 готов
прочитано 3499577, окон 25748, из них помеченных 3783
разреженный мир 3 готов
прочитано 3497740, окон 25939, из них помеченных 3901
разреженный мир 4 готов
прочитано 3482025, окон 26053, из них помеченных 3900
разреженный мир 5 готов
SPARSE-WORLDS-DONE
миров: 6
отложенный: 3600398 окон, помечено 64

  sp-0-windows.csv: AUC 0.94621
  sp-1-windows.csv: AUC 0.93808
  sp-2-windows.csv: AUC 0.92498
  sp-3-windows.csv: AUC 0.94459
  sp-4-windows.csv: AUC 0.94024
  sp-5-windows.csv: AUC 0.95209

разброс мнений: 0.00854
АНСАМБЛЬ (ранги)           AUC 0.94374  ложных до 16/64:      10  до 32:    3870  до всех:  1940670  худшее место  1940734

ложных до N-го найденного из 64:
   N:      1     2     4     8    16    24    32
            6     7     7     9    10    61  3870
