прочитано 3499507, окон 25830, из них помеченных 3932
мир со штормами 0 готов
прочитано 3507504, окон 25754, из них помеченных 3804
мир со штормами 1 готов
прочитано 3518299, окон 25853, из них помеченных 3888
мир со штормами 2 готов
прочитано 3513547, окон 25680, из них помеченных 3810
мир со штормами 3 готов
прочитано 3476083, окон 25589, из них помеченных 3853
мир со штормами 4 готов
прочитано 3518506, окон 25714, из них помеченных 3870
мир со штормами 5 готов
STORM-WORLDS-DONE
миров: 6
отложенный: 3600398 окон, помечено 64

  st-0-windows.csv: AUC 0.94148
  st-1-windows.csv: AUC 0.94161
  st-2-windows.csv: AUC 0.92673
  st-3-windows.csv: AUC 0.92514
  st-4-windows.csv: AUC 0.94727
  st-5-windows.csv: AUC 0.93487

разброс мнений: 0.01234
АНСАМБЛЬ (ранги)           AUC 0.94072  ложных до 16/64:       8  до 32:     389  до всех:  1991037  худшее место  1991101

ложных до N-го найденного из 64:
   N:      1     2     4     8    16    24    32
            3     4     4     5     8    24   389
